// Jest Snapshot v1, https://goo.gl/fbAQLP

exports[`Card test suite renders Card UI as expected 1`] = `
<div
  className="Card"
>
  <button
    type="button"
  >
    delete
  </button>
  <h3>
    Test Title
  </h3>
  <p>
    1
    2
    3
  </p>
</div>
`;
